../Core/Src/main.c:100:5:main	112	static
../Core/Src/main.c:195:6:SystemClock_Config	72	static
../Core/Src/main.c:234:13:MX_CAN_Init	8	static
../Core/Src/main.c:311:13:MX_USART2_UART_Init	8	static
../Core/Src/main.c:344:13:MX_GPIO_Init	40	static
../Core/Src/main.c:399:6:StartTempTask	16	static
../Core/Src/main.c:411:6:StartSpeedTask	16	static
../Core/Src/main.c:470:6:HAL_CAN_RxFifo0MsgPendingCallback	16	static
../Core/Src/main.c:494:6:vApplicationStackOverflowHook	24	static,ignoring_inline_asm
../Core/Src/main.c:502:6:vApplicationMallocFailedHook	16	static,ignoring_inline_asm
../Core/Src/main.c:522:6:StartDefaultTask	16	static
../Core/Src/main.c:549:6:HAL_TIM_PeriodElapsedCallback	16	static
../Core/Src/main.c:567:6:Error_Handler	4	static,ignoring_inline_asm
