../Core/Src/main.c:102:5:main	136	static
../Core/Src/main.c:193:6:SystemClock_Config	72	static
../Core/Src/main.c:232:13:MX_CAN_Init	8	static
../Core/Src/main.c:298:13:MX_USART2_UART_Init	8	static
../Core/Src/main.c:331:13:MX_GPIO_Init	32	static
../Core/Src/main.c:356:6:StartTempTask	40	static
../Core/Src/main.c:393:6:StartSpeedTask	40	static
../Core/Src/main.c:430:6:StartRxTask	32	static
../Core/Src/main.c:470:6:HAL_CAN_RxFifo0MsgPendingCallback	24	static,ignoring_inline_asm
../Core/Src/main.c:499:6:StartDefaultTask	16	static
../Core/Src/main.c:522:6:HAL_TIM_PeriodElapsedCallback	16	static
../Core/Src/main.c:540:6:Error_Handler	4	static,ignoring_inline_asm
